ÓÐÆ±£¡Mon Jan  8 09:19:15 2018
ÓÐÆ±£¡Mon Jan  8 09:21:11 2018
ÓÐÆ±£¡Mon Jan  8 10:53:33 2018
